gabriel_pc@MacGab:~/Testes/cpp/TP2$ make -C /home/gabriel_pc/Testes/cpp/TP2/Trabalho_1-Jogo_da_velha test
make: Entering directory '/home/gabriel_pc/Testes/cpp/TP2/Trabalho_1-Jogo_da_velha'
g++ -std=c++11 -Wall -Wextra -g -c velha.cpp -o velha.o
g++ -std=c++11 -Wall -Wextra -g velha.o testa_velha.cpp -o testa_velha
./testa_velha
===============================================================================
All tests passed (12 assertions in 12 test cases)


make: Leaving directory '/home/gabriel_pc/Testes/cpp/TP2/Trabalho_1-Jogo_da_velha'
gabriel_pc@MacGab:~/Testes/cpp/TP2$ make -C /home/gabriel_pc/Testes/cpp/TP2/Trabalho_1-Jogo_da_velha test
make: Entering directory '/home/gabriel_pc/Testes/cpp/TP2/Trabalho_1-Jogo_da_velha'
g++ -std=c++11 -Wall -Wextra -g velha.o testa_velha.cpp -o testa_velha
./testa_velha
===============================================================================
All tests passed (24 assertions in 13 test cases)

make: Leaving directory '/home/gabriel_pc/Testes/cpp/TP2/Trabalho_1-Jogo_da_velha'
gabriel_pc@MacGab:~/Testes/cpp/TP2$ g++ -std=c++11 -Wall -Wextra -g -DVELHA_INLINE_TEST -c /home/gabriel_pc/Testes/cpp/TP2/Trabalho_1-Jogo_da_velha/velha.cpp
gabriel_pc@MacGab:~/Testes/cpp/TP2$ make -C /home/gabriel_pc/Testes/cpp/TP2/Trabalho_1-Jogo_da_velha test
make: Entering directory '/home/gabriel_pc/Testes/cpp/TP2/Trabalho_1-Jogo_da_velha'
g++ -std=c++11 -Wall -Wextra -g -c velha.cpp -o velha.o
g++ -std=c++11 -Wall -Wextra -g velha.o testa_velha.cpp -o testa_velha
./testa_velha

~~~~~~~~~~~~~~~~~~~~~~~~~~~~~~~~~~~~~~~~~~~~~~~~~~~~~~~~~~~~~~~~~~~~~~~~~~~~~~~
testa_velha is a Catch v1.12.1 host application.
Run with -? for options

-------------------------------------------------------------------------------
Vitória de X em linha superior
-------------------------------------------------------------------------------
testa_velha.cpp:150
...............................................................................

testa_velha.cpp:156: FAILED:
  REQUIRE( verificaVelha(tabuleiro) == 1 )
with expansion:
  -2 == 1

===============================================================================
test cases: 14 | 13 passed | 1 failed
assertions: 25 | 24 passed | 1 failed

make: *** [Makefile:35: test] Error 1
make: Leaving directory '/home/gabriel_pc/Testes/cpp/TP2/Trabalho_1-Jogo_da_velha'
gabriel_pc@MacGab:~/Testes/cpp/TP2$ make -C /home/gabriel_pc/Testes/cpp/TP2/Trabalho_1-Jogo_da_velha test
make: Entering directory '/home/gabriel_pc/Testes/cpp/TP2/Trabalho_1-Jogo_da_velha'
g++ -std=c++11 -Wall -Wextra -g -c velha.cpp -o velha.o
g++ -std=c++11 -Wall -Wextra -g velha.o testa_velha.cpp -o testa_velha
./testa_velha

~~~~~~~~~~~~~~~~~~~~~~~~~~~~~~~~~~~~~~~~~~~~~~~~~~~~~~~~~~~~~~~~~~~~~~~~~~~~~~~
testa_velha is a Catch v1.12.1 host application.
Run with -? for options

-------------------------------------------------------------------------------
Vitória de X em linha superior
-------------------------------------------------------------------------------
testa_velha.cpp:150
...............................................................................

testa_velha.cpp:156: FAILED:
  REQUIRE( verificaVelha(tabuleiro) == 1 )
with expansion:
  -2 == 1

===============================================================================
test cases: 14 | 13 passed | 1 failed
assertions: 25 | 24 passed | 1 failed

make: *** [Makefile:35: test] Error 1
make: Leaving directory '/home/gabriel_pc/Testes/cpp/TP2/Trabalho_1-Jogo_da_velha'
gabriel_pc@MacGab:~/Testes/cpp/TP2$ make -C /home/gabriel_pc/Testes/cpp/TP2/Trabalho_1-Jogo_da_velha test
make: Entering directory '/home/gabriel_pc/Testes/cpp/TP2/Trabalho_1-Jogo_da_velha'
g++ -std=c++11 -Wall -Wextra -g velha.o testa_velha.cpp -o testa_velha
./testa_velha
===============================================================================
All tests passed (25 assertions in 14 test cases)

make: Leaving directory '/home/gabriel_pc/Testes/cpp/TP2/Trabalho_1-Jogo_da_velha'
